2026-11-30,Mandarin,340
2026-12-31,Coding,370
2026-08-31,Math,220
2026-03-31,Physics,120
2026-11-30,Psychology,170
2026-11-30,Mandarin,490
2026-01-31,Mandarin,490
2026-12-31,Communication,360
2026-11-30,Communication,300
2026-08-31,Physics,260
2026-06-30,Math,30
2026-02-28,Physics,20
2026-03-31,Math,40
2026-01-31,Physics,130
2026-12-31,Trading,460
2026-06-30,Communication,420
2026-08-31,Psychology,340
2026-05-31,Trading,170
2026-07-31,Mandarin,170
2026-10-31,Psychology,290
2026-12-31,Coding,390
2026-11-30,Math,240
2026-09-30,Coding,440
2026-06-30,Physics,200
2026-03-31,Communication,470
2026-04-30,Trading,200
2026-12-31,Mandarin,430
2026-08-31,Physics,120
2026-02-28,Math,340
2026-08-31,Mandarin,290
