2026-07-01,income,Salary,Monthly wage,450000
2026-07-03,expense,Food,Lunch warung,18000
2026-07-05,expense,Transport,Motorcycle fuel,25000
2026-07-07,expense,Shopping,Stationery,42000
2026-07-10,expense,Food,Dinner with friend,65000
2026-07-15,income,Freelance,Website project,150000
2026-07-18,expense,Transport,Taxi to city,36000
2026-07-22,expense,Utility,Internet bill,12000
2026-07-25,expense,Food,Grocery shopping,89000
2026-07-30,expense,Shopping,Shoes,120000
2026-07-30,expense,Education,General Description,37600
2026-07-11,income,Rent Income,General Description,57000
2026-07-01,income,Bonus,Performance bonus,23400
2026-07-04,income,Bonus,Performance bonus,74800
2026-07-11,income,Freelance,General Description,70300
2026-07-29,expense,Education,General Description,67900
2026-07-12,expense,Utility,Internet bill,93900
2026-07-07,expense,Education,General Description,18100
2026-07-31,expense,Transport,Bus ticket,77100
2026-07-31,income,Allowance,General Description,39600
2026-07-01,income,Commission,General Description,15500
2026-07-19,expense,Shopping,Daily necessities,97100
2026-07-12,income,Allowance,Family allowance,30700
2026-07-25,income,Dividend,Fund profit distribution,13900
2026-07-30,expense,Transport,Motorcycle maintenance,85500
2026-07-31,income,Commission,Referral commission,63500
2026-07-13,income,Rent Income,Property rental income,28300
2026-07-30,income,Salary,Monthly salary,66100
2026-07-13,income,Dividend,Stock dividend,82900
2026-07-15,income,Rent Income,Apartment rent,37900
2026-07-09,income,Bonus,Performance bonus,80500
