2026-05-21,income,Allowance,Daily stipend,19700
2026-05-27,expense,Transport,Motorcycle maintenance,45400
2026-05-27,income,Salary,Basic wage,68100
2026-05-15,income,Commission,Referral commission,69300
2026-05-11,expense,Entertainment,Movie ticket,89000
2026-05-25,income,Freelance,Project payment,39000
2026-05-17,expense,Transport,Fuel,84400
2026-05-26,expense,Entertainment,Concert ticket,90600
2026-05-09,income,Bonus,Year-end bonus,22200
2026-05-12,income,Allowance,Daily stipend,37100
2026-05-19,income,Commission,Sales commission,26100
2026-05-07,income,Rent Income,Apartment rent,28000
2026-05-24,expense,Education,Training material,30800
2026-05-03,expense,Transport,Fuel,94500
2026-05-14,expense,Shopping,Clothes purchase,44800
2026-05-09,income,Commission,Sales commission,21200
2026-05-11,income,Rent Income,Property rental income,18600
2026-05-23,income,Bonus,Year-end bonus,51400
2026-05-21,expense,Entertainment,Concert ticket,91600
2026-05-22,expense,Utility,Internet bill,76200
2026-05-26,expense,Education,Online course fee,38000
2026-05-05,income,Salary,Monthly salary,34700
2026-05-02,income,Freelance,Freelance job income,19800
2026-05-25,income,Freelance,Client service fee,91700
2026-05-26,income,Salary,Basic wage,68200
2026-05-08,expense,Shopping,Clothes purchase,14600
2026-05-13,expense,Food,Cafe drink,43900
2026-05-12,income,Dividend,Fund profit distribution,43900
2026-05-03,income,Bonus,Performance bonus,83600
2026-05-17,income,Salary,Basic wage,19600
2026-05-27,expense,Education,Textbook,92400
2026-05-02,expense,Utility,Internet bill,96200
2026-05-22,expense,Entertainment,Concert ticket,57200
2026-05-17,income,Salary,Monthly salary,75700
2026-05-31,income,Commission,Sales commission,42100
2026-05-02,income,Commission,Sales commission,74800
2026-05-24,expense,Shopping,Daily necessities,81200
2026-05-29,income,Rent Income,Apartment rent,43200
2026-05-03,expense,Shopping,Daily necessities,12300
2026-05-31,expense,Education,Textbook,92600
2026-05-06,income,Dividend,Stock dividend,16500
2026-05-24,expense,Entertainment,Movie ticket,78000
2026-05-02,income,Bonus,Year-end bonus,89400
2026-05-22,income,Allowance,Living allowance,37300
2026-05-04,expense,Food,Cafe drink,56900
2026-05-18,expense,Shopping,Electronic accessory,62000
2026-05-08,income,Dividend,Stock dividend,32100
2026-05-08,income,Bonus,Performance bonus,95000
2026-05-08,expense,Entertainment,Game purchase,94400
2026-05-30,expense,Healthcare,Clinic consultation fee,30300
2026-05-07,expense,Healthcare,Medicine,92700
2026-05-28,expense,Utility,Water bill,10600
2026-05-20,income,Dividend,Fund profit distribution,99200
2026-05-24,expense,Transport,Taxi fare,11200
2026-05-07,income,Commission,Referral commission,15900
2026-05-06,income,Freelance,Project payment,48800
2026-05-05,expense,Shopping,Daily necessities,34400
2026-05-25,income,Commission,Sales commission,58300
2026-05-17,expense,Entertainment,Concert ticket,46500
2026-05-08,income,Freelance,Freelance job income,26700
2026-05-06,income,Allowance,Living allowance,31400
2026-05-25,income,Dividend,Stock dividend,53900
2026-05-11,expense,Education,Online course fee,89000
2026-05-15,expense,Healthcare,Medicine,12600
2026-05-26,income,Allowance,Living allowance,31000
2026-05-08,expense,Utility,Water bill,19900
2026-05-18,expense,Shopping,Daily necessities,79700
2026-05-29,expense,Shopping,Clothes purchase,96400
2026-05-01,expense,Entertainment,Movie ticket,20900
2026-05-25,expense,Transport,Bus ticket,91500
2026-05-23,expense,Utility,Electric bill,10400
2026-05-14,income,Allowance,Family allowance,65900
2026-05-13,expense,Shopping,Clothes purchase,20500
2026-05-06,expense,Food,Lunch,70900
2026-05-24,expense,Transport,Fuel,85000
2026-05-11,income,Rent Income,Apartment rent,10700
2026-05-12,income,Commission,Sales commission,49200
2026-05-17,expense,Transport,Fuel,95500
2026-05-03,expense,Transport,Fuel,67600
2026-05-17,expense,Food,Cafe drink,58500
2026-05-04,expense,Utility,Internet bill,28000
2026-05-12,expense,Utility,Internet bill,22300
2026-05-26,income,Salary,Basic wage,95800
2026-05-30,income,Rent Income,Property rental income,12600
2026-05-04,expense,Utility,Water bill,26900
2026-05-29,expense,Transport,Taxi fare,82700
2026-05-30,income,Salary,Monthly pay,11400
2026-05-31,income,Commission,Sales commission,46300
2026-05-11,expense,Utility,Water bill,33500
2026-05-25,income,Salary,Basic wage,18500
2026-05-31,income,Freelance,Freelance job income,19500
2026-05-25,income,Dividend,Fund profit distribution,30000
2026-05-10,expense,Transport,Bus ticket,84800
2026-05-02,income,Commission,Sales commission,79100
2026-05-20,expense,Shopping,Clothes purchase,29300
2026-05-26,income,Dividend,Stock dividend,15200
2026-05-19,income,Salary,Monthly salary,49700
2026-05-14,expense,Entertainment,Movie ticket,79600
2026-05-15,income,Salary,Monthly pay,33800
2026-05-27,expense,Education,Training material,81100
2026-05-04,expense,Shopping,Clothes purchase,40600
2026-05-25,expense,Utility,Water bill,97400
2026-05-14,income,Allowance,Living allowance,78800
2026-05-15,expense,Shopping,Electronic accessory,53400
2026-05-28,income,Dividend,Investment dividend,15700
2026-05-14,expense,Transport,Fuel,99600
2026-05-13,income,Rent Income,Property rental income,55200
2026-05-25,income,Commission,Referral commission,81100
2026-05-28,income,Salary,Monthly salary,66600
2026-05-02,expense,Transport,Bus ticket,53900
2026-05-13,income,Bonus,Performance bonus,81300
2026-05-31,income,Salary,Basic wage,35700
2026-05-19,expense,Education,Online course fee,18400
2026-05-15,expense,Entertainment,Game purchase,11500
2026-05-22,expense,Shopping,Clothes purchase,21700
2026-05-16,income,Commission,Sales commission,99700
2026-05-27,income,Rent Income,Apartment rent,89400
2026-05-26,income,Allowance,Family allowance,64600
2026-05-13,expense,Utility,Electric bill,80600
2026-05-17,income,Bonus,Year-end bonus,67100
2026-05-04,income,Dividend,Fund profit distribution,38100
2026-05-10,expense,Food,Snack,61000
2026-05-27,expense,Education,Online course fee,71000
2026-05-26,expense,Transport,Motorcycle maintenance,70700
2026-05-11,expense,Shopping,Clothes purchase,43800
2026-05-08,income,Freelance,Freelance job income,41400
2026-05-08,expense,Food,Snack,42500
2026-05-12,expense,Food,Cafe drink,29300
2026-05-05,income,Rent Income,Apartment rent,57200
2026-05-19,income,Salary,Monthly salary,45600
2026-05-28,expense,Utility,Water bill,72700
2026-05-23,income,Freelance,Freelance job income,94300
2026-05-31,income,Commission,Referral commission,94900
2026-05-31,income,Dividend,Stock dividend,35300
2026-05-20,expense,Food,Lunch,60900
2026-05-10,income,Salary,Basic wage,74000
2026-05-01,expense,Transport,Motorcycle maintenance,67000
2026-05-21,income,Bonus,Performance bonus,34600
2026-05-25,income,Dividend,Fund profit distribution,26000
2026-05-08,income,Rent Income,Property rental income,71200
2026-05-23,income,Salary,Monthly salary,64000
2026-05-17,income,Allowance,Living allowance,28800
2026-05-12,income,Allowance,Family allowance,23600
2026-05-28,expense,Food,Groceries,30000
2026-05-13,expense,Education,Textbook,25000
2026-05-05,income,Salary,Monthly salary,34400
2026-05-31,expense,Shopping,Daily necessities,91400
2026-05-02,income,Salary,Monthly pay,28300
2026-05-05,income,Salary,Basic wage,68900
2026-05-29,income,Allowance,Living allowance,33000
2026-05-19,income,Commission,Sales commission,52700
2026-05-18,expense,Education,Training material,30800
2026-05-12,expense,Shopping,Electronic accessory,52500
2026-05-26,income,Dividend,Investment dividend,36400
2026-05-13,expense,Healthcare,Medicine,31500
2026-05-21,income,Freelance,Client service fee,93900
2026-05-12,expense,Utility,Internet bill,61500
2026-05-13,expense,Utility,Water bill,11400
2026-05-29,expense,Entertainment,Movie ticket,20500
2026-05-25,expense,Entertainment,Concert ticket,38600
2026-05-16,expense,Food,Cafe drink,56000
2026-05-03,income,Dividend,Stock dividend,46200
2026-05-30,income,Bonus,Quarterly reward,98100
2026-05-17,expense,Utility,Water bill,35000
2026-05-24,expense,Utility,Internet bill,89100
2026-05-05,income,Freelance,Client service fee,57700
2026-05-27,income,Rent Income,Apartment rent,93200
2026-05-14,expense,Entertainment,Concert ticket,12600
2026-05-19,expense,Food,Groceries,91100
2026-05-30,expense,Healthcare,Medicine,75700
2026-05-25,expense,Education,Textbook,74300
2026-05-25,income,Bonus,Performance bonus,37300
2026-05-23,income,Dividend,Stock dividend,99600
2026-05-20,expense,Entertainment,Movie ticket,28200
2026-05-28,income,Bonus,Quarterly reward,39500
2026-05-15,income,Bonus,Year-end bonus,69100
2026-05-09,expense,Healthcare,Medical check-up,67100
2026-05-13,expense,Food,Snack,52300
2026-05-19,expense,Education,Textbook,42500
2026-05-09,income,Rent Income,Apartment rent,58900
2026-05-22,income,Allowance,Daily stipend,47700
2026-05-01,income,Freelance,Project payment,95200
2026-05-26,income,Freelance,Client service fee,67400
2026-05-01,income,Commission,Sales commission,64400
2026-05-07,income,Allowance,Daily stipend,86700
2026-05-02,expense,Healthcare,Clinic consultation fee,30400
2026-05-06,income,Dividend,Fund profit distribution,44500
2026-05-12,income,Commission,Sales commission,48300
2026-05-02,income,Freelance,Client service fee,70100
2026-05-13,income,Bonus,Year-end bonus,97400
2026-05-05,expense,Transport,Fuel,87300
2026-05-11,income,Commission,Referral commission,61000
2026-05-03,expense,Utility,Electric bill,72200
2026-05-30,income,Freelance,Client service fee,77800
2026-05-27,expense,Shopping,Daily necessities,50500
2026-05-17,income,Bonus,Year-end bonus,79900
2026-05-12,income,Commission,Sales commission,12400
2026-05-04,income,Commission,Sales commission,44100
2026-05-04,income,Rent Income,Apartment rent,54200
2026-05-17,income,Freelance,Project payment,16000
2026-05-09,income,Commission,Referral commission,23500
2026-05-05,income,Bonus,Quarterly reward,61100
2026-05-22,income,Allowance,Family allowance,38600
2026-05-23,expense,Healthcare,Medicine,48300
2026-05-15,income,Commission,Sales commission,14300
2026-05-10,expense,Shopping,Clothes purchase,50600
2026-05-30,income,Salary,Basic wage,80300
2026-05-03,income,Dividend,Fund profit distribution,22300
2026-05-15,income,Commission,Sales commission,60700
2026-05-11,income,Rent Income,Apartment rent,96400
2026-05-24,income,Bonus,Year-end bonus,82600
2026-05-25,expense,Transport,Motorcycle maintenance,70000
2026-05-28,expense,Education,Training material,98700
2026-05-09,income,Allowance,Family allowance,30400
2026-05-30,expense,Education,Textbook,64900
2026-05-26,expense,Healthcare,Medicine,75800
2026-05-16,income,Allowance,Living allowance,54300
2026-05-28,expense,Entertainment,Movie ticket,64100
2026-05-27,income,Bonus,Year-end bonus,27900
2026-05-02,income,Bonus,Year-end bonus,42700
2026-05-11,expense,Shopping,Electronic accessory,80000
2026-05-09,expense,Entertainment,Movie ticket,73000
2026-05-14,income,Rent Income,Property rental income,12600
2026-05-31,income,Dividend,Fund profit distribution,20500
2026-05-14,income,Bonus,Quarterly reward,62200
2026-05-15,expense,Education,Textbook,52600
2026-05-04,income,Commission,Sales commission,95900
2026-05-02,income,Salary,Monthly pay,94300
2026-05-17,expense,Entertainment,Game purchase,40400
2026-05-11,expense,Transport,Fuel,15900
2026-05-09,expense,Healthcare,Clinic consultation fee,85200
2026-05-13,income,Salary,Monthly pay,94900
2026-05-27,expense,Entertainment,Concert ticket,84600
2026-05-15,income,Allowance,Daily stipend,52900
2026-05-27,income,Commission,Referral commission,86700
2026-05-03,expense,Utility,Water bill,95900
2026-05-01,income,Commission,Referral commission,19700
2026-05-10,expense,Education,Textbook,57100
2026-05-13,expense,Education,Online course fee,24700
2026-05-13,income,Dividend,Stock dividend,88000
2026-05-08,income,Dividend,Stock dividend,82100
2026-05-01,expense,Education,Textbook,90700
2026-05-29,income,Salary,Monthly pay,66300
2026-05-14,expense,Entertainment,Movie ticket,65500
2026-05-22,expense,Shopping,Electronic accessory,52500
2026-05-16,income,Salary,Monthly pay,82500
2026-05-14,expense,Food,Dinner,46100
2026-05-18,expense,Entertainment,Game purchase,39400
2026-05-31,expense,Education,Online course fee,66300
2026-05-02,income,Dividend,Investment dividend,32700
